 Downloading crates ...
  Downloaded http-body v1.1.0
  Downloaded cfg_aliases v0.2.2
  Downloaded http-body-util v0.1.5
  Downloaded wasm-bindgen-futures v0.4.78
  Downloaded thread_local v1.1.10
  Downloaded displaydoc v0.2.7
  Downloaded rand_pcg v0.10.2
  Downloaded tokio-macros v2.7.2
  Downloaded yoke-derive v0.8.3
  Downloaded potential_utf v0.1.6
  Downloaded lru-slab v0.1.3
  Downloaded hyper-rustls v0.27.10
  Downloaded ipnet v2.12.2
  Downloaded event-listener v5.4.2
  Downloaded humantime v2.4.0
  Downloaded fastrand v2.5.0
  Downloaded zeroize v1.9.0
  Downloaded rustls-native-certs v0.8.4
  Downloaded zerovec-derive v0.11.6
  Downloaded tokio-rustls v0.26.5
  Downloaded quinn-udp v0.5.15
  Downloaded tinystr v0.8.4
  Downloaded synstructure v0.14.0
  Downloaded zerofrom-derive v0.1.8
  Downloaded fs4 v1.1.0
  Downloaded writeable v0.6.4
  Downloaded http v1.5.0
  Downloaded litemap v0.8.3
  Downloaded rustls-pki-types v1.15.1
  Downloaded yoke v0.8.3
  Downloaded icu_provider v2.3.1
  Downloaded tinyvec v1.13.3
  Downloaded quinn v0.11.12
  Downloaded icu_locale_core v2.3.0
  Downloaded zerotrie v0.2.5
  Downloaded rustls-webpki v0.103.15
  Downloaded icu_properties v2.3.0
  Downloaded icu_normalizer_data v2.3.0
  Downloaded icu_collections v2.3.0
  Downloaded zerovec v0.11.8
  Downloaded tokio-util v0.7.19
  Downloaded h2 v0.4.19
  Downloaded icu_properties_data v2.3.0
  Downloaded hyper v1.11.1
  Downloaded quinn-proto v0.11.18
  Downloaded rustls v0.23.45
  Downloaded rustix v1.1.5
  Downloaded web-sys v0.3.105
  Downloaded polars-ffi v0.55.1
  Downloaded polars-ooc v0.55.1
  Downloaded polars-row v0.55.1
  Downloaded polars-mem-engine v0.55.1
  Downloaded polars-dtype v0.55.1
  Downloaded icu_normalizer v2.3.0
  Downloaded polars-time v0.55.1
  Downloaded polars-compute v0.55.1
  Downloaded polars-expr v0.55.1
  Downloaded polars-lazy v0.55.1
  Downloaded polars-stream v0.55.1
  Downloaded polars-parquet v0.55.1
  Downloaded polars v0.55.1
  Downloaded polars-arrow v0.55.1
  Downloaded polars-ops v0.55.1
  Downloaded polars-io v0.55.1
  Downloaded polars-core v0.55.1
  Downloaded polars-plan v0.55.1
