== cargo tree
unique crates (with dtype-categorical): 252 ; of which polars-*: 37
      4 syn
      3 hashbrown
      2 zerocopy
      2 uuid
      2 tokio
== pins
name = "polars"
version = "0.55.2"
--
name = "polars-ffi"
version = "0.55.2"
--
name = "pyo3"
version = "0.29.2"
--
name = "pyo3-polars"
version = "0.28.0"
== incremental rebuild (touch one line)
📦 Built wheel for abi3 Python ≥ 3.10 to dist/decider_trees-0.1.0-cp310-abi3-manylinux_2_34_x86_64.whl
incremental: 9.59 s wall, 15.99 s user, 361192 KB maxrss
📦 Built wheel for abi3 Python ≥ 3.10 to dist/decider_trees-0.1.0-cp310-abi3-manylinux_2_34_x86_64.whl
incremental2: 10.22 s wall, 21.15 s user, 356772 KB maxrss
== wheel
-rw-r--r--. 1 sholto sholto 6730140 Sep 23 08:55 dist/decider_trees-0.1.0-cp310-abi3-manylinux_2_34_x86_64.whl
   433262  01-01-1980 00:00   decider_trees-0.1.0.dist-info/sboms/decider_trees.cyclonedx.json
      628  01-01-1980 00:00   decider_trees-0.1.0.dist-info/RECORD
---------                     -------
 29664791                     7 files
== cold build, crates already downloaded (cargo clean)
     Removed 3178 files, 1.5GiB total
📦 Built wheel for abi3 Python ≥ 3.10 to dist/decider_trees-0.1.0-cp310-abi3-manylinux_2_34_x86_64.whl
cold(cached crates): 278.55 s wall, 2897.76 s user, 95.48 s sys, 1074% CPU, 2606624 KB maxrss
1.4G	target
done
exit=0
